[backblue.gif]
[fade.gif]
[index.html]
[nicoleconteudobr.site/nicolle/fonts/normal_1.woff2]
[nicoleconteudobr.site/nicolle/fonts/normal.woff2]
[nicoleconteudobr.site/nicolle/fonts/normal_2.woff2]
[nicoleconteudobr.site/nicolle/fonts/normal_3.woff2]
[nicoleconteudobr.site/nicolle/fonts/normal_4.woff2]
[nicoleconteudobr.site/nicolle/images/Untitled image (25).png]
[nicoleconteudobr.site/nicolle/images/nicolepraia.jpg]
[nicoleconteudobr.site/nicolle/images/540797a2f501dafa106499a8ef3208ed.jpg]
[nicoleconteudobr.site/nicolle/images/capa.png]
[nicoleconteudobr.site/nicolle/images/perfildebaixo.jpg]
[nicoleconteudobr.site/nicolle/images/imagem2.png]
[nicoleconteudobr.site/nicolle/media/videomelmaia03.mp4]
[nicoleconteudobr.site/nicolle/images/imagem1.png]
[nicoleconteudobr.site/nicolle/home57cf.html]
[nicoleconteudobr.site/nicolle/css/index.css]
[nicoleconteudobr.site/nicolle/css/popup.css]
[nicoleconteudobr.site/nicolle/fonts/fa-brands-400.woff2]
[nicoleconteudobr.site/nicolle/fonts/fa-regular-400.woff2]
[nicoleconteudobr.site/nicolle/fonts/fa-solid-900.woff2]
[nicoleconteudobr.site/nicolle/fonts/fa-v4compatibility.woff2]
[nicoleconteudobr.site/nicolle/css/all.min.css]
[cdn.utmify.com.br/scripts/pixel/pixel.js]
[nicoleconteudobr.site/cdn.utmify.com.br/scripts/utms/latest.html]
[cdn.utmify.com.br/scripts/utms/latest.js]
[nicoleconteudobr.site/nicolle/images/privacy-logo.svg]
[nicoleconteudobr.site/nicolle/images/perfil.html]
[nicoleconteudobr.site/nicolle/media/imagem2.html]
[nicoleconteudobr.site/nicolle/js/main.js]
[nicoleconteudobr.site/nicolle/js/button.js]
[nicoleconteudobr.site/nicolle/js/popup.js]
[nicoleconteudobr.site/nicolle/fonts/fa-brands-400.ttf]
[nicoleconteudobr.site/nicolle/fonts/fa-regular-400.ttf]
[nicoleconteudobr.site/nicolle/fonts/fa-solid-900.ttf]
[nicoleconteudobr.site/nicolle/fonts/fa-v4compatibility.ttf]
[connect.facebook.net/en_US/fbevents.js]
[analytics.tiktok.com/i18n/pixel/events.js]
[nicoleconteudobr.site/nicolle/wa.html]
[nicoleconteudobr.site/maxcdn.bootstrapcdn.com/bootstrap/3.3.7/css/bootstrap.min.html]
[nicoleconteudobr.site/www.google-analytics.com/analytics.html]
[cdn.utmify.com.br/signals/iwl.js]
[cdn.utmify.com.br/signals/iwl0fc5.js]
[analytics.tiktok.com/i18n/pixel/static/index.html]
